LCC.js Assemble/Link/Interpret/Debug Ver 0.1  Tue, Nov 26, 2024, 17:39:28
Billy, Bob J

Header
o
C

Loc   Code           Source Code
                    ; example program to test string input and output
                    ; furthermore, this program will also be used to
                    ; test lst/bst file generation with comments and
                    ; blank lines when lcc.js is used to assemble and
                    ; interpret from a .a file all in one go, versus 
                    ; when using interpreter.js by itself on a .e file
0000  e017           lea r0, ask ; example comment on a line of code
0001  f006           sout r0
0002  e04f           lea r0, buffer1    
0003  f00a           sin r0
0004  e244           lea r1, hi
0005  f206           sout r1
0006  e04b           lea r0, buffer1
0007  f006           sout r0
0008  e245           lea r1, period
0009  f206           sout r1
000a  f001           nl
000b  e225           lea r1, ask2
000c  f206           sout r1
000d  e24e           lea r1, buffer2
000e  f20a           sin r1
000f  e439           lea r2, hi
0010  f406           sout r2
0011  f006           sout r0
0012  e43d           lea r2, space
0013  f406           sout r2
0014  f206           sout r1
0015  e438           lea r2, period
0016  f406           sout r2 
0017  f000           halt ; the next 2 lines are intentionally blank
                    
                    
0018  0057       ask:  .string "What's your first name? "
0019  0068      
001a  0061      
001b  0074      
001c  0027      
001d  0073      
001e  0020      
001f  0079      
0020  006f      
0021  0075      
0022  0072      
0023  0020      
0024  0066      
0025  0069      
0026  0072      
0027  0073      
0028  0074      
0029  0020      
002a  006e      
002b  0061      
002c  006d      
002d  0065      
002e  003f      
002f  0020      
0030  0000      
0031  0057       ask2: .string "What's your last name? "
0032  0068      
0033  0061      
0034  0074      
0035  0027      
0036  0073      
0037  0020      
0038  0079      
0039  006f      
003a  0075      
003b  0072      
003c  0020      
003d  006c      
003e  0061      
003f  0073      
0040  0074      
0041  0020      
0042  006e      
0043  0061      
0044  006d      
0045  0065      
0046  003f      
0047  0020      
0048  0000      
0049  0048       hi:   .string "Hi, "
004a  0069      
004b  002c      
004c  0020      
004d  0000      
004e  002e       period: .string "."
004f  0000      
0050  0020       space: .string " "
0051  0000      
0052  0000       buffer1: .zero 10
0053  0000      
0054  0000      
0055  0000      
0056  0000      
0057  0000      
0058  0000      
0059  0000      
005a  0000      
005b  0000      
005c  0000       buffer2: .zero 10
005d  0000      
005e  0000      
005f  0000      
0060  0000      
0061  0000      
0062  0000      
0063  0000      
0064  0000      
0065  0000      
====================================================== Output
What's your first name? input1
Hi, input1.
What's your last name? input2
Hi, input1 input2.
========================================== Program statistics
Input file name          =   ./demos/demoB.a
Instructions executed    =   18 (hex)    24 (dec)
Program size             =   66 (hex)    102 (dec)
Max stack size           =   0 (hex)    0 (dec)
Load point               =   0 (hex)    0 (dec)
