LCC.js Assemble/Link/Interpret/Debug Ver 0.1  Wed, Dec 4, 2024, 14:55:51
Billy, Bob J

Header
o
C

Loc   Code           Source Code
                    ; demoX.a uses hex arguments, implicit r0 for out commands, and cea
0000  4801       startup:        bl main
0001  f000                       halt
                    
0002  ae00       main:           push lr 
0003  aa00                       push fp
0004  ab8c                       mov fp, sp ; comment 
                    
0005  1160                       cea r0, 0x0 ; compute effective address, same as `add r0, fp, 0x0`
0006  f004                       hout r0
0007  f001                       nl
0008  d00f                       mov r0, 0xf
0009  f004                       hout r0
000a  f001                       nl
000b  d0ff                       mov r0, 0x00ff
000c  f004                       hout ; same as `hout r0`
000d  f001                       nl
000e  d100                       mov r0, 0xff00
000f  102f                       add r0, r0, 0xf
0010  f004                       hout r0
0011  f001                       nl
0012  f002                       dout ; same as `dout r0`
0013  f001                       nl 
0014  2005                       ld r0, x 
0015  f004                       hout r0
                    
0016  ad4c                       mov sp, fp
0017  aa01                       pop fp ; comment
0018  ae01                       pop lr
0019  c1c0                       ret
                    
001a  ffff       x:             .word 0xffff
====================================================== Output
fffe
f
ff
ff0f
-241
ffff
========================================== Program statistics
Input file name          =   ./demos/demoX.a
Instructions executed    =   1a (hex)    26 (dec)
Program size             =   1b (hex)    27 (dec)
Max stack size           =   2 (hex)    2 (dec)
Load point               =   0 (hex)    0 (dec)
