LCC.js Assemble/Link/Interpret/Debug Ver 0.1  Sat, Dec 21, 2024, 23:29:59
Billy, Bob J

Header
o
A 001a
A 001b
C

Loc   Code           Source Code
                    ; demoZ.a uses label offsets with st, br, and lea
0000  2017           ld r0, a ; loads 5
0001  f002           dout r0 ; prints 5
0002  f001           nl
0003  2015           ld r0, a+1 ; loads 11
0004  f002           dout r0 ; prints 11
0005  f001           nl
0006  2013           ld r0, c ; loads the address of a, which is 24dec
0007  f002           dout r0 ; prints 24
0008  f001           nl
0009  2011           ld r0, d ; loads the address of a, which is 24, +1 = 25
000a  f002           dout r0 ; prints 25
000b  f001           nl
000c  1025           add r0, r0, 5
000d  300b           st r0, c-1 ; stores 30 at b
000e  220a           ld r1, b
000f  f202           dout r1 ; prints 30
0010  f001           nl
0011  0e01           br e+1
0012  1265       e:  add r1, r1, 5 ; this line gets skipped
0013  f202       f:  dout r1 ; prints 30 again
0014  f001           nl
0015  e002           lea r0, a ; loads the address of a, which is 24
0016  f002           dout r0 ; prints 24
0017  f000           halt
0018  0005       a: .word 5
0019  000b       b: .word 11
001a  0018       c: .word a
001b  0019       d: .word a+1
====================================================== Output
5
11
24
25
30
30
24
========================================== Program statistics
Input file name          =   ./demos/demoZ.a
Instructions executed    =   17 (hex)    23 (dec)
Program size             =   1c (hex)    28 (dec)
Max stack size           =   0 (hex)    0 (dec)
Load point               =   0 (hex)    0 (dec)
