LCC Assemble/Link/Interpret/Debug Ver 6.3  Sat Oct 25 10:49:02 2025
TestUser

Header
o
C

Loc   Code           Source Code
           ; program that tests the r command
0000  f00c         r
0001  f001         nl

0002  d003         mov r0, 3
0003  d203         mov r1, 3
0004  d40b         mov r2, 11

0005  f00c         r
0006  f001         nl

0007  d1ff         mov r0, -1
0008  d201         mov r1, 1
0009  1401         add r2, r0, r1

000a  f00c         r 

000b  f000         halt
====================================================== Output
pc = 0001  ir = f001  NZCV = 0000
r0 = 0000  r1 = 0000  r2 = 0000  r3 = 0000  
r4 = 0000  fp = 0000  sp = 0000  lr = 0000  

pc = 0006  ir = f001  NZCV = 0000
r0 = 0003  r1 = 0003  r2 = 000b  r3 = 0000  
r4 = 0000  fp = 0000  sp = 0000  lr = 0000  

pc = 000b  ir = f000  NZCV = 0110
r0 = ffff  r1 = 0001  r2 = 0000  r3 = 0000  
r4 = 0000  fp = 0000  sp = 0000  lr = 0000  

========================================== Program statistics
Input file name       =      demoL1.a
Instructions executed =    c (hex)    12 (dec)
Program size          =    c (hex)    12 (dec)
Max stack size        =    0 (hex)     0 (dec)
Load point            =    0 (hex)     0 (dec)
