LCC Assemble/Link/Interpret/Debug Ver 6.3  Sat Oct 25 10:49:02 2025
TestUser

Header
o
C

Loc   Code           Source Code
           ; program that tests the m command
           ; demonstrates that disassembly of programs
           ; with unused labels outputs unlabeled data
0000  f00b         m
0001  f001         nl

0002  d40b         mov r2, 11
0003  3402         st r2, x
0004  f00b         m

0005  f000         halt

0006  0007 x:      .word 7
0007  0017 y:      .word 23
====================================================== Output
0000: f00b
0001: f001
0002: d40b
0003: 3402
0004: f00b
0005: f000
0006: 0007
0007: 0017

0000: f00b
0001: f001
0002: d40b
0003: 3402
0004: f00b
0005: f000
0006: 000b
0007: 0017

========================================== Program statistics
Input file name       =      demoK1.a
Instructions executed =    6 (hex)     6 (dec)
Program size          =    8 (hex)     8 (dec)
Max stack size        =    0 (hex)     0 (dec)
Load point            =    0 (hex)     0 (dec)
