LCC Assemble/Link/Interpret/Debug Ver 6.3  Sat Oct 25 10:49:02 2025
TestUser

Header
o
A     0016
A     0017
C

Loc   Code           Source Code
           ; demoY.a uses label offsets for ld and .word
0000  2012           ld r0, x     ; loads 5
0001  f002           dout
0002  f001           nl
0003  2210           ld r1, x+1   ; loads 11
0004  f202           dout r1
0005  f001           nl
0006  240e           ld r2, x+2   ; loads 17
0007  f402           dout r2
0008  f001           nl
0009  2609           ld r3, y-2   ; loads 5
000a  f602           dout r3
000b  f001           nl
000c  200a           ld r0, a    ; loads 20
000d  f002           dout r0
000e  f001           nl
000f  2806           ld r4, z     ; loads 21
0010  f802           dout r4
0011  f001           nl
0012  f000           halt
0013  0005 x:        .word 5
0014  000b           .word 11
0015  0011 y:        .word 17
0016  0015 z:        .word x+2    ; assembled to the address of y
0017  0014 a:        .word y-1    ; assembled to the address of x+1
====================================================== Output
5
11
17
5
20
21

========================================== Program statistics
Input file name       =      demoY1.a
Instructions executed =   13 (hex)    19 (dec)
Program size          =   18 (hex)    24 (dec)
Max stack size        =    0 (hex)     0 (dec)
Load point            =    0 (hex)     0 (dec)
