LCC Assemble/Link/Interpret/Debug Ver 6.3  Sat Oct 25 10:49:02 2025
TestUser

Header
o
C

Loc   Code           Source Code
           ; demoV.a demos the usage of mul, div, and rem instructi
0000  d00a         mov r0, 10
0001  d203         mov r1, 3
0002  a047         mul r0, r1
0003  f002         dout r0 ; should output 30
0004  f001         nl

0005  d00a         mov r0, 10
0006  d202         mov r1, 2
0007  a048         div r0, r1
0008  f002         dout r0 ; should output 5
0009  f001         nl

000a  d00a         mov r0, 10
000b  d203         mov r1, 3
000c  a049         rem r0, r1
000d  f002         dout r0 ; should output 1
000e  f000         halt
====================================================== Output
30
5
1
========================================== Program statistics
Input file name       =      demoV1.a
Instructions executed =    f (hex)    15 (dec)
Program size          =    f (hex)    15 (dec)
Max stack size        =    0 (hex)     0 (dec)
Load point            =    0 (hex)     0 (dec)
