LCC Assemble/Link/Interpret/Debug Ver 6.3  Sat Oct 25 10:49:02 2025
TestUser

Header
o
C

Loc   Code           Source Code
0000  d042     mov r0, 'B'
0001  f005     aout r0
0002  f001     nl
0003  d041     mov r0, 65
0004  f002     dout r0
0005  f001     nl
0006  f005     aout r0
0007  f001     nl
0008  d0ff     mov r0, 0xff
0009  f004     hout r0
000a  f001     nl
000b  d1f1     mov r0, -15
000c  f003     udout r0
000d  f001     nl
000e  f002     dout r0
000f  f001     nl
0010  200c     ld r0, x
0011  f002     dout r0
0012  f001     nl
0013  f003     udout r0
0014  f001     nl
0015  f004     hout r0
0016  f001     nl
0017  1021     add r0, r0, 1
0018  f002     dout r0
0019  f001     nl
001a  f003     udout r0
001b  f001     nl
001c  f000     halt

001d  ffff x:  .word 0xffff
====================================================== Output
B
65
A
ff
65521
-15
-1
65535
ffff
0
0

========================================== Program statistics
Input file name       =      demoF1.a
Instructions executed =   1d (hex)    29 (dec)
Program size          =   1e (hex)    30 (dec)
Max stack size        =    0 (hex)     0 (dec)
Load point            =    0 (hex)     0 (dec)
